
Hemanth.Dasari@LTPCHE082278672 MINGW64 /d/Git-Work (master)
$ git int
git: 'int' is not a git command. See 'git --help'.

The most similar command is
        init

Hemanth.Dasari@LTPCHE082278672 MINGW64 /d/Git-Work (master)
$ git init
Reinitialized existing Git repository in D:/Git-Work/.git/

Hemanth.Dasari@LTPCHE082278672 MINGW64 /d/Git-Work (master)
$ ls

Hemanth.Dasari@LTPCHE082278672 MINGW64 /d/Git-Work (master)
$

Hemanth.Dasari@LTPCHE082278672 MINGW64 /d/Git-Work (master)
$ git remote add origin "https://github.com/dasari007/Git-my-project.git"

Hemanth.Dasari@LTPCHE082278672 MINGW64 /d/Git-Work (master)
$ git pull origin master
fatal: couldn't find remote ref master

Hemanth.Dasari@LTPCHE082278672 MINGW64 /d/Git-Work (master)
$ git pull origin master
fatal: couldn't find remote ref master

Hemanth.Dasari@LTPCHE082278672 MINGW64 /d/Git-Work (master)
$ git remote add origin "https://github.com/dasari007/Git-my-project.git"
error: remote origin already exists.

Hemanth.Dasari@LTPCHE082278672 MINGW64 /d/Git-Work (master)
$ git pull origin master
fatal: couldn't find remote ref master

Hemanth.Dasari@LTPCHE082278672 MINGW64 /d/Git-Work (master)
$ git pull origin main
remote: Enumerating objects: 6, done.
remote: Counting objects: 100% (6/6), done.
remote: Compressing objects: 100% (2/2), done.
remote: Total 6 (delta 0), reused 0 (delta 0), pack-reused 0
Unpacking objects: 100% (6/6), 1.21 KiB | 3.00 KiB/s, done.
From https://github.com/dasari007/Git-my-project
 * branch            main       -> FETCH_HEAD
 * [new branch]      main       -> origin/main

Hemanth.Dasari@LTPCHE082278672 MINGW64 /d/Git-Work (master)
$ git status
On branch master
Untracked files:
  (use "git add <file>..." to include in what will be committed)
        test1.txt

nothing added to commit but untracked files present (use "git add" to track)

Hemanth.Dasari@LTPCHE082278672 MINGW64 /d/Git-Work (master)
$ git add test.txt
fatal: pathspec 'test.txt' did not match any files

Hemanth.Dasari@LTPCHE082278672 MINGW64 /d/Git-Work (master)
$ git add test
fatal: pathspec 'test' did not match any files

Hemanth.Dasari@LTPCHE082278672 MINGW64 /d/Git-Work (master)
$ git status
On branch master
Untracked files:
  (use "git add <file>..." to include in what will be committed)
        test1.txt

nothing added to commit but untracked files present (use "git add" to track)

Hemanth.Dasari@LTPCHE082278672 MINGW64 /d/Git-Work (master)
$ git add test1.txt

Hemanth.Dasari@LTPCHE082278672 MINGW64 /d/Git-Work (master)
$ git status
On branch master
Changes to be committed:
  (use "git restore --staged <file>..." to unstage)
        new file:   test1.txt


Hemanth.Dasari@LTPCHE082278672 MINGW64 /d/Git-Work (master)
$ git status
On branch master
Changes to be committed:
  (use "git restore --staged <file>..." to unstage)
        new file:   test1.txt

Untracked files:
  (use "git add <file>..." to include in what will be committed)
        test2.txt
        test3.txt


Hemanth.Dasari@LTPCHE082278672 MINGW64 /d/Git-Work (master)
$ git add -A

Hemanth.Dasari@LTPCHE082278672 MINGW64 /d/Git-Work (master)
$ git status
On branch master
Changes to be committed:
  (use "git restore --staged <file>..." to unstage)
        new file:   test1.txt
        new file:   test2.txt
        new file:   test3.txt


Hemanth.Dasari@LTPCHE082278672 MINGW64 /d/Git-Work (master)
$ git commit -a -m "adding 3 files"
[master 8af61d5] adding 3 files
 Committer: Hemanth Dasari <Hemanth.Dasari@FS.MPHASIS.COM>
Your name and email address were configured automatically based
on your username and hostname. Please check that they are accurate.
You can suppress this message by setting them explicitly:

    git config --global user.name "Your Name"
    git config --global user.email you@example.com

After doing this, you may fix the identity used for this commit with:

    git commit --amend --reset-author

 3 files changed, 5 insertions(+)
 create mode 100644 test1.txt
 create mode 100644 test2.txt
 create mode 100644 test3.txt

Hemanth.Dasari@LTPCHE082278672 MINGW64 /d/Git-Work (master)
$ git status
On branch master
nothing to commit, working tree clean

Hemanth.Dasari@LTPCHE082278672 MINGW64 /d/Git-Work (master)
$


Hemanth.Dasari@LTPCHE082278672 MINGW64 /d/Git-Work (master)
$

Hemanth.Dasari@LTPCHE082278672 MINGW64 /d/Git-Work (master)
$ git log
commit 8af61d532f823db6be1de445fe9360addc7049c2 (HEAD -> master)
Author: Hemanth Dasari <Hemanth.Dasari@FS.MPHASIS.COM>
Date:   Sat Aug 7 18:32:30 2021 +0530

    adding 3 files

commit d4105d524a0699d80811dbb520bb370ec2cd0566 (origin/main)
Author: dasari007 <88583519+dasari007@users.noreply.github.com>
Date:   Sat Aug 7 18:06:48 2021 +0530

    Update README.md

commit 4dd7308abb92da7513cc58bbdbdcc441707fd9d8
Author: dasari007 <88583519+dasari007@users.noreply.github.com>
Date:   Sat Aug 7 18:01:11 2021 +0530

    Initial commit

Hemanth.Dasari@LTPCHE082278672 MINGW64 /d/Git-Work (master)
$ history
    1  git int
    2  git init
    3  ls
    4  git remote add origin "https://github.com/dasari007/Git-my-project.git"
    5  git pull origin master
    6  git pull origin master
    7  git remote add origin "https://github.com/dasari007/Git-my-project.git"
    8  git pull origin master
    9  git pull origin main
   10  git status
   11  git add test.txt
   12  git add test
   13  git status
   14  git add test1.txt
   15  git status
   16  git status
   17  git add -A
   18  git status
   19  git commit -a -m "adding 3 files"
   20  git status
   21  git log
   22  history

Hemanth.Dasari@LTPCHE082278672 MINGW64 /d/Git-Work (master)
$ ^C

Hemanth.Dasari@LTPCHE082278672 MINGW64 /d/Git-Work (master)
$ pwd
/d/Git-Work

Hemanth.Dasari@LTPCHE082278672 MINGW64 /d/Git-Work (master)
$ id
uid=1061721(Hemanth.Dasari) gid=1049089 groups=1049089

Hemanth.Dasari@LTPCHE082278672 MINGW64 /d/Git-Work (master)
$ pwd
/d/Git-Work

Hemanth.Dasari@LTPCHE082278672 MINGW64 /d/Git-Work (master)
$ git branch firstbranch

Hemanth.Dasari@LTPCHE082278672 MINGW64 /d/Git-Work (master)
$ git status
On branch master
nothing to commit, working tree clean

Hemanth.Dasari@LTPCHE082278672 MINGW64 /d/Git-Work (master)
$ ls
README.md  test1.txt  test2.txt  test3.txt

Hemanth.Dasari@LTPCHE082278672 MINGW64 /d/Git-Work (master)
$ git checkout firstbranch
Switched to branch 'firstbranch'

Hemanth.Dasari@LTPCHE082278672 MINGW64 /d/Git-Work (firstbranch)
$ git status
On branch firstbranch
nothing to commit, working tree clean

Hemanth.Dasari@LTPCHE082278672 MINGW64 /d/Git-Work (firstbranch)
$ git add firstbranch-test.txt
fatal: pathspec 'firstbranch-test.txt' did not match any files

Hemanth.Dasari@LTPCHE082278672 MINGW64 /d/Git-Work (firstbranch)
$ git add firstbranch-test1.txt
fatal: pathspec 'firstbranch-test1.txt' did not match any files

Hemanth.Dasari@LTPCHE082278672 MINGW64 /d/Git-Work (firstbranch)
$ git add firstbranch-test1.txt

Hemanth.Dasari@LTPCHE082278672 MINGW64 /d/Git-Work (firstbranch)
$ git status
On branch firstbranch
Changes to be committed:
  (use "git restore --staged <file>..." to unstage)
        new file:   firstbranch-test1.txt


Hemanth.Dasari@LTPCHE082278672 MINGW64 /d/Git-Work (firstbranch)
$ git commit -m "making change in firstbranch"
[firstbranch c43eb7b] making change in firstbranch
 Committer: Hemanth Dasari <Hemanth.Dasari@FS.MPHASIS.COM>
Your name and email address were configured automatically based
on your username and hostname. Please check that they are accurate.
You can suppress this message by setting them explicitly:

    git config --global user.name "Your Name"
    git config --global user.email you@example.com

After doing this, you may fix the identity used for this commit with:

    git commit --amend --reset-author

 1 file changed, 0 insertions(+), 0 deletions(-)
 create mode 100644 firstbranch-test1.txt

Hemanth.Dasari@LTPCHE082278672 MINGW64 /d/Git-Work (firstbranch)
$ git status
On branch firstbranch
nothing to commit, working tree clean

Hemanth.Dasari@LTPCHE082278672 MINGW64 /d/Git-Work (firstbranch)
$ git status
On branch firstbranch
Changes not staged for commit:
  (use "git add <file>..." to update what will be committed)
  (use "git restore <file>..." to discard changes in working directory)
        modified:   firstbranch-test1.txt

no changes added to commit (use "git add" and/or "git commit -a")

Hemanth.Dasari@LTPCHE082278672 MINGW64 /d/Git-Work (firstbranch)
$

Hemanth.Dasari@LTPCHE082278672 MINGW64 /d/Git-Work (firstbranch)
$ git commit -m "making change in firstbranch"
On branch firstbranch
Changes not staged for commit:
  (use "git add <file>..." to update what will be committed)
  (use "git restore <file>..." to discard changes in working directory)
        modified:   firstbranch-test1.txt

no changes added to commit (use "git add" and/or "git commit -a")

Hemanth.Dasari@LTPCHE082278672 MINGW64 /d/Git-Work (firstbranch)
$ git add firstbranch-test1.txt

Hemanth.Dasari@LTPCHE082278672 MINGW64 /d/Git-Work (firstbranch)
$ git commit -m "making change in firstbranch"
[firstbranch 626ae30] making change in firstbranch
 Committer: Hemanth Dasari <Hemanth.Dasari@FS.MPHASIS.COM>
Your name and email address were configured automatically based
on your username and hostname. Please check that they are accurate.
You can suppress this message by setting them explicitly:

    git config --global user.name "Your Name"
    git config --global user.email you@example.com

After doing this, you may fix the identity used for this commit with:

    git commit --amend --reset-author

 1 file changed, 1 insertion(+)

Hemanth.Dasari@LTPCHE082278672 MINGW64 /d/Git-Work (firstbranch)
$ git status
On branch firstbranch
nothing to commit, working tree clean

Hemanth.Dasari@LTPCHE082278672 MINGW64 /d/Git-Work (firstbranch)
$ ls
README.md  firstbranch-test1.txt  test1.txt  test2.txt  test3.txt

Hemanth.Dasari@LTPCHE082278672 MINGW64 /d/Git-Work (firstbranch)
$ git checkout main
Switched to a new branch 'main'
Branch 'main' set up to track remote branch 'main' from 'origin'.

Hemanth.Dasari@LTPCHE082278672 MINGW64 /d/Git-Work (main)
$ ls
README.md

Hemanth.Dasari@LTPCHE082278672 MINGW64 /d/Git-Work (main)
$ ls
README.md

Hemanth.Dasari@LTPCHE082278672 MINGW64 /d/Git-Work (main)
$
